26.29
23.65
25.84
24.35
27.03
24.52
27.90
26.39
26.32
25.71
27.32
26.00
