67 63 54 110 9
29 101 -31 5 -7
1 -16 8 149 106
226 -122 -4 94 30
12 -5 15 26 171
