A ██████████████████ 18
B ███████████████ 15
C █████████████ 13
D █████████████ 13
E ███████████ 11
F ██████████ 10
G ██████ 6
H ██████████████ 14
